---------appTests/req_02_cut_with_delimiter_and_one_field.test----------
			<= command =>
node cut.js -d ',' -f 2 ./appTests/tmp1.txt

			<= actual output =>
def
mno
vwx

			<= expected output =>
def
mno
vwx
xyz